Microchip MPLAB XC8 Compiler V2.46

Linker command line:

-W-3 \
  --edf=C:\Program Files\Microchip\xc8\v2.46\pic\dat\20240104201356_en.msgs \
  -cn \
  -h+dist/default/production\3_Mode_Bottle_Filling_Machine.X.production.sym \
  --cmf=dist/default/production\3_Mode_Bottle_Filling_Machine.X.production.cmf \
  -z -Q16F877A \
  -oC:\Users\NCAT010\AppData\Local\Temp\xcAs8c0.\driver_tmp_3.o \
  --defsym=__MPLAB_BUILD=1 --fixupoverflow=error \
  -Mdist/default/production/3_Mode_Bottle_Filling_Machine.X.production.map \
  --md=C:\Users\NCAT010\AppData\Local\Temp\xcAs8c0.\driver_tmp_0.dat -E1 \
  -ver=XC8 Compiler --acfsm=1493 -ACODE=00h-07FFhx4 -ASTRCODE=00h-01FFFh \
  -ASTRING=00h-0FFhx32 -ACONST=00h-0FFhx32 -AENTRY=00h-0FFhx32 \
  -ACOMMON=070h-07Fh -ABANK0=020h-06Fh -ABANK1=0A0h-0EFh \
  -ABANK2=0110h-016Fh -ABANK3=0190h-01EFh \
  -ARAM=020h-06Fh,0A0h-0EFh,0110h-016Fh,0190h-01EFh \
  -AABS1=020h-07Fh,0A0h-0EFh,0110h-016Fh,0190h-01EFh -ASFR0=00h-01Fh \
  -ASFR1=080h-09Fh -ASFR2=0100h-010Fh -ASFR3=0180h-018Fh \
  -ACONFIG=02007h-02007h -DCONFIG=2 -AIDLOC=02000h-02003h -DIDLOC=2 \
  -AEEDATA=00h-0FFh/02100h -peeprom_data=EEDATA -DEEDATA=2 -DCODE=2 \
  -DSTRCODE=2 -DSTRING=2 -DCONST=2 -DENTRY=2 \
  -preset_vec=00h,intentry,sivt,init,end_init -ppowerup=CODE -pcinit=CODE \
  -pfunctab=ENTRY -k \
  C:\Users\NCAT010\AppData\Local\Temp\xcAs8c0.\driver_tmp_12.o \
  dist/default/production\3_Mode_Bottle_Filling_Machine.X.production.o 

Object code version is 3.11

Machine type is 16F877A



                Name                               Link     Load   Length Selector   Space Scale
C:\Users\NCAT010\AppData\Local\Temp\xcAs8c0.\driver_tmp_12.o
                end_init                              0        0        3        0       0
                config                             2007     2007        1        0       4
dist/default/production\3_Mode_Bottle_Filling_Machine.X.production.o
                cinit                               7FC      7FC        4      FF8       0
                config                             2007     2007        1        0       4
                text8                               224      224       22      448       0
                text7                               20A      20A       1A      414       0
                text6                               1FD      1FD        D      3FA       0
                text5                               35F      35F       5B      6BE       0
                text4                               27E      27E       46      4FC       0
                text3                               2C4      2C4       46      588       0
                text2                               30A      30A       55      614       0
                text1                               246      246       38      48C       0
                maintext                            3BA      3BA      442      774       0
                cstackBANK0                          20       20        5       20       1
                cstackCOMMON                         70       70        E       70       1
                stringtext                          800      800       FA       10       0
                strings                               3        3       12        6       0
                nvBANK0                              25       25        2       20       1

TOTAL           Name                               Link     Load   Length     Space
        CLASS   CODE           
                end_init                              0        0        3         0
                cinit                               7FC      7FC        4         0
                text8                               224      224       22         0
                text7                               20A      20A       1A         0
                text6                               1FD      1FD        D         0
                text5                               35F      35F       5B         0
                text4                               27E      27E       46         0
                text3                               2C4      2C4       46         0
                text2                               30A      30A       55         0
                text1                               246      246       38         0
                maintext                            3BA      3BA      442         0

        CLASS   STRCODE        
                stringtext                          800      800       FA         0

        CLASS   STRING         
                strings                               3        3       12         0

        CLASS   CONST          

        CLASS   ENTRY          

        CLASS   COMMON         
                cstackCOMMON                         70       70        E         1

        CLASS   BANK0          
                cstackBANK0                          20       20        5         1
                nvBANK0                              25       25        2         1

        CLASS   BANK1          

        CLASS   BANK2          

        CLASS   BANK3          

        CLASS   RAM            

        CLASS   ABS1           
                abs_s1                               7E       7E        2         1

        CLASS   SFR0           

        CLASS   SFR1           

        CLASS   SFR2           

        CLASS   SFR3           

        CLASS   CONFIG         
                config                             2007     2007        1         4

        CLASS   IDLOC          

        CLASS   EEDATA         

        CLASS   HEAP           

        CLASS   STACK          



SEGMENTS        Name                           Load    Length   Top    Selector   Space  Class     Delta

                reset_vec                      000000  000003  000003         0       0  CODE        2
                strings                        000003  000012  000015         6       0  STRING      2
                cstackBANK0                    000020  000007  000027        20       1  BANK0       1
                cstackCOMMON                   000070  00000E  00007E        70       1  COMMON      1
                text6                          0001FD  00000D  00020A       3FA       0  CODE        2
                text7                          00020A  00001A  000224       414       0  CODE        2
                text8                          000224  000022  000246       448       0  CODE        2
                text1                          000246  000038  00027E       48C       0  CODE        2
                text4                          00027E  000046  0002C4       4FC       0  CODE        2
                text3                          0002C4  000046  00030A       588       0  CODE        2
                text2                          00030A  000055  00035F       614       0  CODE        2
                text5                          00035F  00005B  0003BA       6BE       0  CODE        2
                maintext                       0003BA  000442  0007FC       774       0  CODE        2
                cinit                          0007FC  000004  000800       FF8       0  CODE        2
                stringtext                     000800  0000FA  0008FA        10       0  STRCODE     2


UNUSED ADDRESS RANGES

        Name                Unused          Largest block    Delta
        BANK0            0027-006F             49           1
        BANK1            00A0-00EF             50           1
        BANK2            0110-016F             60           1
        BANK3            0190-01EF             60           1
        CODE             0015-01FC            1E8           2
                         08FA-1FFF            800
        CONST            0015-01FC             EB           2
                         08FA-1FFF            100
        EEDATA           2100-21FF            100           2
        ENTRY            0015-01FC             EB           2
                         08FA-1FFF            100
        IDLOC            2000-2003              4           2
        RAM              0027-006F             49           1
                         00A0-00EF             50
                         0110-016F             60
                         0190-01EF             60
        SFR0             0000-001F             20           1
        SFR1             0080-009F             20           1
        SFR2             0100-010F             10           1
        SFR3             0180-018F             10           1
        STRCODE          0015-01FC            1E8           2
                         08FA-1FFF           1706
        STRING           0015-01FC             EB           2
                         08FA-1FFF            100

                                  Symbol Table

LCD_Cmd@a                   cstackCOMMON 0073
LCD_Print_Char@Lower_Nibble cstackCOMMON 0072
LCD_Print_Char@Upper_Nibble cstackCOMMON 0073
LCD_Print_Char@data         cstackCOMMON 0074
LCD_Print_Char@i            cstackCOMMON 0075
LCD_Print_Char@i_73         cstackCOMMON 0077
LCD_Print_String@a          cstackCOMMON 0079
LCD_Print_String@i          cstackBANK0  0020
LCD_SetBit@data_bit         cstackCOMMON 0070
LCD_Set_Cursor@a            cstackCOMMON 0076
LCD_Set_Cursor@b            cstackCOMMON 0074
LCD_Set_Cursor@temp         cstackCOMMON 0079
LCD_Set_Cursor@y            cstackCOMMON 0078
LCD_Set_Cursor@z            cstackCOMMON 0077
_ChangeMode                 nvBANK0      0025
_LCD_Clear                  text6        01FD
_LCD_Cmd                    text7        020A
_LCD_Print_Char             text5        035F
_LCD_Print_String           text4        027E
_LCD_SetBit                 text8        0224
_LCD_Set_Cursor             text3        02C4
_LCD_Start                  text2        030A
_RB0                        (abs)        0030
_RB1                        (abs)        0031
_RB2                        (abs)        0032
_RC0                        (abs)        0038
_RC1                        (abs)        0039
_RC2                        (abs)        003A
_RC3                        (abs)        003B
_RC4                        (abs)        003C
_RC5                        (abs)        003D
_RC6                        (abs)        003E
_RC7                        (abs)        003F
_RD0                        (abs)        0040
_RD1                        (abs)        0041
_RD4                        (abs)        0044
_RD5                        (abs)        0045
_RD6                        (abs)        0046
_RD7                        (abs)        0047
_TRISB                      (abs)        0086
_TRISC                      (abs)        0087
_TRISD                      (abs)        0088
__H__absolute__             __absolute__ 0000
__Habs1                     abs1         0000
__Hbank0                    bank0        0000
__Hbank1                    bank1        0000
__Hbank2                    bank2        0000
__Hbank3                    bank3        0000
__Hcinit                    cinit        0800
__Hclrtext                  clrtext      0000
__Hcode                     code         0000
__Hcommon                   common       0000
__Hconfig                   config       2008
__HcstackBANK0              cstackBANK0  0000
__HcstackCOMMON             cstackCOMMON 0000
__Heeprom_data              eeprom_data  0000
__Hend_init                 end_init     0003
__Hfunctab                  functab      0000
__Hheap                     heap         0000
__Hinit                     init         0000
__Hintentry                 intentry     0000
__Hmaintext                 maintext     0000
__HnvBANK0                  nvBANK0      0000
__Hpowerup                  powerup      0000
__Hram                      ram          0000
__Hreset_vec                reset_vec    0000
__Hsfr0                     sfr0         0000
__Hsfr1                     sfr1         0000
__Hsfr2                     sfr2         0000
__Hsfr3                     sfr3         0000
__Hsivt                     sivt         0000
__Hspace_0                  (abs)        08FA
__Hspace_1                  (abs)        007E
__Hspace_2                  (abs)        0000
__Hspace_3                  (abs)        0000
__Hspace_4                  (abs)        400F
__Hstack                    stack        0000
__Hstrings                  strings      0000
__Hstringtext               stringtext   0000
__Htext                     text         0000
__L__absolute__             __absolute__ 0000
__Labs1                     abs1         0000
__Lbank0                    bank0        0000
__Lbank1                    bank1        0000
__Lbank2                    bank2        0000
__Lbank3                    bank3        0000
__Lcinit                    cinit        07FC
__Lclrtext                  clrtext      0000
__Lcode                     code         0000
__Lcommon                   common       0000
__Lconfig                   config       0000
__LcstackBANK0              cstackBANK0  0000
__LcstackCOMMON             cstackCOMMON 0000
__Leeprom_data              eeprom_data  0000
__Lend_init                 end_init     0000
__Lfunctab                  functab      0000
__Lheap                     heap         0000
__Linit                     init         0000
__Lintentry                 intentry     0000
__Lmaintext                 maintext     0000
__LnvBANK0                  nvBANK0      0000
__Lpowerup                  powerup      0000
__Lram                      ram          0000
__Lreset_vec                reset_vec    0000
__Lsfr0                     sfr0         0000
__Lsfr1                     sfr1         0000
__Lsfr2                     sfr2         0000
__Lsfr3                     sfr3         0000
__Lsivt                     sivt         0000
__Lspace_0                  (abs)        0000
__Lspace_1                  (abs)        0000
__Lspace_2                  (abs)        0000
__Lspace_3                  (abs)        0000
__Lspace_4                  (abs)        0000
__Lstack                    stack        0000
__Lstrings                  strings      0000
__Lstringtext               stringtext   0000
__Ltext                     text         0000
__S0                        (abs)        08FA
__S1                        (abs)        007E
__S3                        (abs)        0000
___heap_hi                  (abs)        0000
___heap_lo                  (abs)        0000
___int_sp                   stack        0000
___int_stack_hi             stack        0000
___int_stack_lo             stack        0000
___latbits                  (abs)        0002
___sp                       stack        0000
___stack_hi                 stack        0000
___stack_lo                 stack        0000
___stackhi                  (abs)        0000
___stacklo                  (abs)        0000
__end_of_LCD_Clear          text6        020A
__end_of_LCD_Cmd            text7        0224
__end_of_LCD_Print_Char     text5        03BA
__end_of_LCD_Print_String   text4        02C4
__end_of_LCD_SetBit         text8        0246
__end_of_LCD_Set_Cursor     text3        030A
__end_of_LCD_Start          text2        035F
__end_of__initialization    cinit        07FC
__end_of__stringtab         strings      0015
__end_of_beep               text1        027E
__end_of_main               maintext     07FC
__initialization            cinit        07FC
__pcstackBANK0              cstackBANK0  0020
__pcstackCOMMON             cstackCOMMON 0070
__pmaintext                 maintext     03BA
__pnvBANK0                  nvBANK0      0025
__pstrings                  strings      0003
__pstringtext               stringtext   0800
__ptext1                    text1        0246
__ptext2                    text2        030A
__ptext3                    text3        02C4
__ptext4                    text4        027E
__ptext5                    text5        035F
__ptext6                    text6        01FD
__ptext7                    text7        020A
__ptext8                    text8        0224
__stringbase                strings      0015
__stringtab                 strings      0003
_beep                       text1        0246
_main                       maintext     03BA
beep@b                      cstackCOMMON 0075
beep@c                      cstackCOMMON 0070
btemp                       (abs)        007E
end_of_initialization       cinit        07FC
intlevel0                   functab      0000
intlevel1                   functab      0000
intlevel2                   functab      0000
intlevel3                   functab      0000
intlevel4                   functab      0000
intlevel5                   functab      0000
reset_vec                   reset_vec    0000
start                       init         0000
start_initialization        cinit        07FC
wtemp0                      (abs)        007E


MODULE INFORMATION

Module		Function		Class		Link	Load	Size
shared
		__stringtab    		STRING         	0003	0000	18
		__initialization		CODE           	07FC	0000	1

shared estimated size: 19

3_Mode_bottle_filling_machine.c
		_LCD_Cmd       		CODE           	020A	0000	26
		_LCD_SetBit    		CODE           	0224	0000	34
		_beep          		CODE           	0246	0000	56
		_main          		CODE           	03BA	0000	1090
		_LCD_Start     		CODE           	030A	0000	85
		_LCD_Set_Cursor		CODE           	02C4	0000	70
		_LCD_Clear     		CODE           	01FD	0000	13
		_LCD_Print_String		CODE           	027E	0000	70
		_LCD_Print_Char		CODE           	035F	0000	91

3_Mode_bottle_filling_machine.c estimated size: 1535

